// Jest Snapshot v1, https://goo.gl/fbAQLP

exports[`PinRecordingModal renders the prompt, input text area, track_name, and artist_name 1`] = `"<div class=\\"modal fade\\" id=\\"PinRecordingModal\\" tabindex=\\"-1\\" role=\\"dialog\\" aria-labelledby=\\"PinRecordingModalLabel\\" data-backdrop=\\"static\\"><div class=\\"modal-dialog\\" role=\\"document\\"><form class=\\"modal-content\\"><div class=\\"modal-header\\"><button type=\\"button\\" class=\\"close\\" data-dismiss=\\"modal\\" aria-label=\\"Close\\"><span aria-hidden=\\"true\\">Ã—</span></button><h4 class=\\"modal-title\\" id=\\"PinRecordingModalLabel\\">Pin This Recording to Your Profile</h4></div><div class=\\"modal-body\\"><p>Why are you pinning <b> Feel Special - TWICE</b>? (Optional)</p><div class=\\"form-group\\"><textarea class=\\"form-control\\" id=\\"blurb-content\\" placeholder=\\"Tell us why you love this recording!\\" name=\\"blurb-content\\" rows=\\"4\\" style=\\"resize: vertical;\\" spellcheck=\\"false\\"></textarea></div><small style=\\"display: block; text-align: right;\\"> / 280</small><small>Pinning this recording will replace any recording currently pinned. <br><b>Feel Special by TWICE</b> will be unpinned from your profile in one week.</small></div><div class=\\"modal-footer\\"><button type=\\"button\\" class=\\"btn btn-default\\" data-dismiss=\\"modal\\">Cancel</button><button type=\\"submit\\" class=\\"btn btn-success\\" data-dismiss=\\"modal\\">Pin Recording</button></div></form></div></div>"`;
